2026-08-04T19:44:31Z bridge: file mailbox at /Users/poshstudio/Library/Application Support/Adobe/CEP/extensions/com.fxsearch.premiere.free.cep/host/bridge
2026-08-04T19:44:31Z hotkey active mods=12 vk=32
2026-08-04T19:44:31Z rescue hotkey vk=123
2026-08-04T19:44:31Z shell started, client=/Users/poshstudio/Library/Application Support/Adobe/CEP/extensions/com.fxsearch.premiere.free.cep/client/index.html
2026-08-04T19:48:37Z hotkey active mods=4 vk=32
2026-08-04T21:23:23Z Premiere gone, exiting
2026-08-05T06:13:31Z bridge: file mailbox at /Users/poshstudio/Library/Application Support/Adobe/CEP/extensions/com.fxsearch.premiere.free.cep/host/bridge
2026-08-05T06:13:31Z hotkey active mods=4 vk=32
2026-08-05T06:13:31Z rescue hotkey vk=123
2026-08-05T06:13:31Z shell started, client=/Users/poshstudio/Library/Application Support/Adobe/CEP/extensions/com.fxsearch.premiere.free.cep/client/index.html
2026-08-05T07:17:52Z Premiere gone, exiting
2026-08-05T07:23:34Z bridge: file mailbox at /Users/poshstudio/Library/Application Support/Adobe/CEP/extensions/com.fxsearch.premiere.free.cep/host/bridge
2026-08-05T07:23:34Z hotkey active mods=4 vk=32
2026-08-05T07:23:34Z rescue hotkey vk=123
2026-08-05T07:23:34Z shell started, client=/Users/poshstudio/Library/Application Support/Adobe/CEP/extensions/com.fxsearch.premiere.free.cep/client/index.html
2026-08-05T09:18:37Z Premiere gone, exiting
2026-08-05T09:31:43Z bridge: file mailbox at /Users/poshstudio/Library/Application Support/Adobe/CEP/extensions/com.fxsearch.premiere.free.cep/host/bridge
2026-08-05T09:31:43Z hotkey active mods=4 vk=32
2026-08-05T09:31:43Z rescue hotkey vk=123
2026-08-05T09:31:43Z shell started, client=/Users/poshstudio/Library/Application Support/Adobe/CEP/extensions/com.fxsearch.premiere.free.cep/client/index.html
2026-08-05T12:24:16Z Premiere gone, exiting
2026-08-05T12:38:26Z bridge: file mailbox at /Users/poshstudio/Library/Application Support/Adobe/CEP/extensions/com.fxsearch.premiere.free.cep/host/bridge
2026-08-05T12:38:26Z hotkey active mods=4 vk=32
2026-08-05T12:38:26Z rescue hotkey vk=123
2026-08-05T12:38:26Z shell started, client=/Users/poshstudio/Library/Application Support/Adobe/CEP/extensions/com.fxsearch.premiere.free.cep/client/index.html
2026-08-05T13:59:44Z Premiere gone, exiting
2026-08-05T14:01:07Z bridge: file mailbox at /Users/poshstudio/Library/Application Support/Adobe/CEP/extensions/com.fxsearch.premiere.free.cep/host/bridge
2026-08-05T14:01:07Z hotkey active mods=4 vk=32
2026-08-05T14:01:07Z rescue hotkey vk=123
2026-08-05T14:01:07Z shell started, client=/Users/poshstudio/Library/Application Support/Adobe/CEP/extensions/com.fxsearch.premiere.free.cep/client/index.html
2026-08-05T15:54:54Z Premiere gone, exiting
2026-08-06T08:02:34Z bridge: file mailbox at /Users/poshstudio/Library/Application Support/Adobe/CEP/extensions/com.fxsearch.premiere.free.cep/host/bridge
2026-08-06T08:02:34Z hotkey active mods=4 vk=32
2026-08-06T08:02:34Z rescue hotkey vk=123
2026-08-06T08:02:34Z shell started, client=/Users/poshstudio/Library/Application Support/Adobe/CEP/extensions/com.fxsearch.premiere.free.cep/client/index.html
2026-08-06T08:49:57Z Premiere gone, exiting
2026-08-06T08:52:03Z bridge: file mailbox at /Users/poshstudio/Library/Application Support/Adobe/CEP/extensions/com.fxsearch.premiere.free.cep/host/bridge
2026-08-06T08:52:03Z hotkey active mods=4 vk=32
2026-08-06T08:52:03Z rescue hotkey vk=123
2026-08-06T08:52:03Z shell started, client=/Users/poshstudio/Library/Application Support/Adobe/CEP/extensions/com.fxsearch.premiere.free.cep/client/index.html
2026-08-06T14:39:29Z bridge: file mailbox at /Users/poshstudio/Library/Application Support/Adobe/CEP/extensions/com.fxsearch.premiere.free.cep/host/bridge
2026-08-06T14:39:29Z hotkey active mods=4 vk=32
2026-08-06T14:39:29Z rescue hotkey vk=123
2026-08-06T14:39:29Z shell started, client=/Users/poshstudio/Library/Application Support/Adobe/CEP/extensions/com.fxsearch.premiere.free.cep/client/index.html
2026-08-06T21:18:05Z Premiere gone, exiting
2026-08-07T06:15:41Z bridge: file mailbox at /Users/poshstudio/Library/Application Support/Adobe/CEP/extensions/com.fxsearch.premiere.free.cep/host/bridge
2026-08-07T06:15:41Z hotkey active mods=4 vk=32
2026-08-07T06:15:41Z rescue hotkey vk=123
2026-08-07T06:15:41Z shell started, client=/Users/poshstudio/Library/Application Support/Adobe/CEP/extensions/com.fxsearch.premiere.free.cep/client/index.html
2026-08-07T06:16:58Z Premiere gone, exiting
2026-08-07T06:27:56Z bridge: file mailbox at /Users/poshstudio/Library/Application Support/Adobe/CEP/extensions/com.fxsearch.premiere.free.cep/host/bridge
2026-08-07T06:27:56Z hotkey active mods=4 vk=32
2026-08-07T06:27:56Z rescue hotkey vk=123
2026-08-07T06:27:56Z shell started, client=/Users/poshstudio/Library/Application Support/Adobe/CEP/extensions/com.fxsearch.premiere.free.cep/client/index.html
2026-08-07T09:29:37Z Premiere gone, exiting
2026-08-07T10:01:05Z bridge: file mailbox at /Users/poshstudio/Library/Application Support/Adobe/CEP/extensions/com.fxsearch.premiere.free.cep/host/bridge
2026-08-07T10:01:05Z hotkey active mods=4 vk=32
2026-08-07T10:01:05Z rescue hotkey vk=123
2026-08-07T10:01:05Z shell started, client=/Users/poshstudio/Library/Application Support/Adobe/CEP/extensions/com.fxsearch.premiere.free.cep/client/index.html
2026-08-07T14:01:51Z Premiere gone, exiting
2026-08-07T14:21:42Z bridge: file mailbox at /Users/poshstudio/Library/Application Support/Adobe/CEP/extensions/com.fxsearch.premiere.free.cep/host/bridge
2026-08-07T14:21:42Z hotkey active mods=4 vk=32
2026-08-07T14:21:42Z rescue hotkey vk=123
2026-08-07T14:21:42Z shell started, client=/Users/poshstudio/Library/Application Support/Adobe/CEP/extensions/com.fxsearch.premiere.free.cep/client/index.html
2026-08-07T16:57:16Z Premiere gone, exiting
2026-08-09T10:46:52Z bridge: file mailbox at /Users/poshstudio/Library/Application Support/Adobe/CEP/extensions/com.fxsearch.premiere.free.cep/host/bridge
2026-08-09T10:46:52Z hotkey active mods=4 vk=32
2026-08-09T10:46:52Z rescue hotkey vk=123
2026-08-09T10:46:52Z shell started, client=/Users/poshstudio/Library/Application Support/Adobe/CEP/extensions/com.fxsearch.premiere.free.cep/client/index.html
2026-08-09T19:12:46Z Premiere gone, exiting
2026-08-09T19:21:13Z bridge: file mailbox at /Users/poshstudio/Library/Application Support/Adobe/CEP/extensions/com.fxsearch.premiere.free.cep/host/bridge
2026-08-09T19:21:13Z hotkey active mods=4 vk=32
2026-08-09T19:21:13Z rescue hotkey vk=123
2026-08-09T19:21:13Z shell started, client=/Users/poshstudio/Library/Application Support/Adobe/CEP/extensions/com.fxsearch.premiere.free.cep/client/index.html
2026-08-09T21:56:03Z Premiere gone, exiting
2026-08-10T06:54:33Z bridge: file mailbox at /Users/poshstudio/Library/Application Support/Adobe/CEP/extensions/com.fxsearch.premiere.free.cep/host/bridge
2026-08-10T06:54:33Z hotkey active mods=4 vk=32
2026-08-10T06:54:33Z rescue hotkey vk=123
2026-08-10T06:54:33Z shell started, client=/Users/poshstudio/Library/Application Support/Adobe/CEP/extensions/com.fxsearch.premiere.free.cep/client/index.html
2026-08-10T15:51:31Z Premiere gone, exiting
2026-08-10T17:34:22Z bridge: file mailbox at /Users/poshstudio/Library/Application Support/Adobe/CEP/extensions/com.fxsearch.premiere.free.cep/host/bridge
2026-08-10T17:34:22Z hotkey active mods=4 vk=32
2026-08-10T17:34:22Z rescue hotkey vk=123
2026-08-10T17:34:22Z shell started, client=/Users/poshstudio/Library/Application Support/Adobe/CEP/extensions/com.fxsearch.premiere.free.cep/client/index.html
2026-08-11T07:23:15Z bridge: file mailbox at /Users/poshstudio/Library/Application Support/Adobe/CEP/extensions/com.fxsearch.premiere.free.cep/host/bridge
2026-08-11T07:23:15Z hotkey active mods=4 vk=32
2026-08-11T07:23:15Z rescue hotkey vk=123
2026-08-11T07:23:15Z shell started, client=/Users/poshstudio/Library/Application Support/Adobe/CEP/extensions/com.fxsearch.premiere.free.cep/client/index.html
2026-08-11T10:54:33Z Premiere gone, exiting
2026-08-11T12:07:42Z bridge: file mailbox at /Users/poshstudio/Library/Application Support/Adobe/CEP/extensions/com.fxsearch.premiere.free.cep/host/bridge
2026-08-11T12:07:42Z hotkey active mods=4 vk=32
2026-08-11T12:07:42Z rescue hotkey vk=123
2026-08-11T12:07:42Z shell started, client=/Users/poshstudio/Library/Application Support/Adobe/CEP/extensions/com.fxsearch.premiere.free.cep/client/index.html
2026-08-12T06:10:50Z bridge: file mailbox at /Users/poshstudio/Library/Application Support/Adobe/CEP/extensions/com.fxsearch.premiere.free.cep/host/bridge
2026-08-12T06:10:50Z hotkey active mods=4 vk=32
2026-08-12T06:10:50Z rescue hotkey vk=123
2026-08-12T06:10:50Z shell started, client=/Users/poshstudio/Library/Application Support/Adobe/CEP/extensions/com.fxsearch.premiere.free.cep/client/index.html
2026-08-12T07:34:58Z Premiere gone, exiting
2026-08-12T07:36:15Z bridge: file mailbox at /Users/poshstudio/Library/Application Support/Adobe/CEP/extensions/com.fxsearch.premiere.free.cep/host/bridge
2026-08-12T07:36:15Z hotkey active mods=4 vk=32
2026-08-12T07:36:15Z rescue hotkey vk=123
2026-08-12T07:36:15Z shell started, client=/Users/poshstudio/Library/Application Support/Adobe/CEP/extensions/com.fxsearch.premiere.free.cep/client/index.html
2026-08-12T16:36:31Z Premiere gone, exiting
2026-08-12T16:47:44Z bridge: file mailbox at /Users/poshstudio/Library/Application Support/Adobe/CEP/extensions/com.fxsearch.premiere.free.cep/host/bridge
2026-08-12T16:47:44Z hotkey active mods=4 vk=32
2026-08-12T16:47:44Z rescue hotkey vk=123
2026-08-12T16:47:44Z shell started, client=/Users/poshstudio/Library/Application Support/Adobe/CEP/extensions/com.fxsearch.premiere.free.cep/client/index.html
2026-08-12T18:15:48Z Premiere gone, exiting
2026-08-12T18:36:45Z bridge: file mailbox at /Users/poshstudio/Library/Application Support/Adobe/CEP/extensions/com.fxsearch.premiere.free.cep/host/bridge
2026-08-12T18:36:45Z hotkey active mods=4 vk=32
2026-08-12T18:36:45Z rescue hotkey vk=123
2026-08-12T18:36:45Z shell started, client=/Users/poshstudio/Library/Application Support/Adobe/CEP/extensions/com.fxsearch.premiere.free.cep/client/index.html
2026-08-12T18:59:03Z Premiere gone, exiting
2026-08-12T18:59:12Z bridge: file mailbox at /Users/poshstudio/Library/Application Support/Adobe/CEP/extensions/com.fxsearch.premiere.free.cep/host/bridge
2026-08-12T18:59:12Z hotkey active mods=4 vk=32
2026-08-12T18:59:12Z rescue hotkey vk=123
2026-08-12T18:59:12Z shell started, client=/Users/poshstudio/Library/Application Support/Adobe/CEP/extensions/com.fxsearch.premiere.free.cep/client/index.html
2026-08-12T19:00:43Z Premiere gone, exiting
2026-08-12T19:01:01Z bridge: file mailbox at /Users/poshstudio/Library/Application Support/Adobe/CEP/extensions/com.fxsearch.premiere.free.cep/host/bridge
2026-08-12T19:01:01Z hotkey active mods=4 vk=32
2026-08-12T19:01:01Z rescue hotkey vk=123
2026-08-12T19:01:01Z shell started, client=/Users/poshstudio/Library/Application Support/Adobe/CEP/extensions/com.fxsearch.premiere.free.cep/client/index.html
2026-08-12T19:01:55Z Premiere gone, exiting
2026-08-12T19:02:20Z bridge: file mailbox at /Users/poshstudio/Library/Application Support/Adobe/CEP/extensions/com.fxsearch.premiere.free.cep/host/bridge
2026-08-12T19:02:20Z hotkey active mods=4 vk=32
2026-08-12T19:02:20Z rescue hotkey vk=123
2026-08-12T19:02:20Z shell started, client=/Users/poshstudio/Library/Application Support/Adobe/CEP/extensions/com.fxsearch.premiere.free.cep/client/index.html
2026-08-12T20:17:15Z Premiere gone, exiting
2026-08-13T07:02:02Z bridge: file mailbox at /Users/poshstudio/Library/Application Support/Adobe/CEP/extensions/com.fxsearch.premiere.free.cep/host/bridge
2026-08-13T07:02:02Z hotkey active mods=4 vk=32
2026-08-13T07:02:02Z rescue hotkey vk=123
2026-08-13T07:02:02Z shell started, client=/Users/poshstudio/Library/Application Support/Adobe/CEP/extensions/com.fxsearch.premiere.free.cep/client/index.html
2026-08-13T09:30:30Z Premiere gone, exiting
2026-08-13T09:31:32Z bridge: file mailbox at /Users/poshstudio/Library/Application Support/Adobe/CEP/extensions/com.fxsearch.premiere.free.cep/host/bridge
2026-08-13T09:31:32Z hotkey active mods=4 vk=32
2026-08-13T09:31:32Z rescue hotkey vk=123
2026-08-13T09:31:32Z shell started, client=/Users/poshstudio/Library/Application Support/Adobe/CEP/extensions/com.fxsearch.premiere.free.cep/client/index.html
2026-08-13T14:34:22Z Premiere gone, exiting
2026-08-13T14:35:52Z bridge: file mailbox at /Users/poshstudio/Library/Application Support/Adobe/CEP/extensions/com.fxsearch.premiere.free.cep/host/bridge
2026-08-13T14:35:52Z hotkey active mods=4 vk=32
2026-08-13T14:35:52Z rescue hotkey vk=123
2026-08-13T14:35:52Z shell started, client=/Users/poshstudio/Library/Application Support/Adobe/CEP/extensions/com.fxsearch.premiere.free.cep/client/index.html
2026-08-17T10:20:27Z bridge: file mailbox at /Users/poshstudio/Library/Application Support/Adobe/CEP/extensions/com.fxsearch.premiere.free.cep/host/bridge
2026-08-17T10:20:27Z hotkey active mods=4 vk=32
2026-08-17T10:20:27Z rescue hotkey vk=123
2026-08-17T10:20:27Z shell started, client=/Users/poshstudio/Library/Application Support/Adobe/CEP/extensions/com.fxsearch.premiere.free.cep/client/index.html
2026-08-17T10:57:52Z Premiere gone, exiting
2026-08-17T11:17:27Z bridge: file mailbox at /Users/poshstudio/Library/Application Support/Adobe/CEP/extensions/com.fxsearch.premiere.free.cep/host/bridge
2026-08-17T11:17:27Z hotkey active mods=4 vk=32
2026-08-17T11:17:27Z rescue hotkey vk=123
2026-08-17T11:17:27Z shell started, client=/Users/poshstudio/Library/Application Support/Adobe/CEP/extensions/com.fxsearch.premiere.free.cep/client/index.html
2026-08-17T14:01:32Z Premiere gone, exiting
2026-08-17T14:24:18Z bridge: file mailbox at /Users/poshstudio/Library/Application Support/Adobe/CEP/extensions/com.fxsearch.premiere.free.cep/host/bridge
2026-08-17T14:24:18Z hotkey active mods=4 vk=32
2026-08-17T14:24:18Z rescue hotkey vk=123
2026-08-17T14:24:18Z shell started, client=/Users/poshstudio/Library/Application Support/Adobe/CEP/extensions/com.fxsearch.premiere.free.cep/client/index.html
2026-08-17T15:27:29Z Premiere gone, exiting
2026-08-17T15:34:05Z bridge: file mailbox at /Users/poshstudio/Library/Application Support/Adobe/CEP/extensions/com.fxsearch.premiere.free.cep/host/bridge
2026-08-17T15:34:05Z hotkey active mods=4 vk=32
2026-08-17T15:34:05Z rescue hotkey vk=123
2026-08-17T15:34:05Z shell started, client=/Users/poshstudio/Library/Application Support/Adobe/CEP/extensions/com.fxsearch.premiere.free.cep/client/index.html
2026-08-17T17:05:27Z Premiere gone, exiting
2026-08-17T17:06:03Z bridge: file mailbox at /Users/poshstudio/Library/Application Support/Adobe/CEP/extensions/com.fxsearch.premiere.free.cep/host/bridge
2026-08-17T17:06:03Z hotkey active mods=4 vk=32
2026-08-17T17:06:03Z rescue hotkey vk=123
2026-08-17T17:06:03Z shell started, client=/Users/poshstudio/Library/Application Support/Adobe/CEP/extensions/com.fxsearch.premiere.free.cep/client/index.html
2026-08-17T19:49:24Z Premiere gone, exiting
2026-08-17T19:57:20Z bridge: file mailbox at /Users/poshstudio/Library/Application Support/Adobe/CEP/extensions/com.fxsearch.premiere.free.cep/host/bridge
2026-08-17T19:57:20Z hotkey active mods=4 vk=32
2026-08-17T19:57:20Z rescue hotkey vk=123
2026-08-17T19:57:20Z shell started, client=/Users/poshstudio/Library/Application Support/Adobe/CEP/extensions/com.fxsearch.premiere.free.cep/client/index.html
2026-08-17T20:18:43Z Premiere gone, exiting
2026-08-17T20:47:49Z bridge: file mailbox at /Users/poshstudio/Library/Application Support/Adobe/CEP/extensions/com.fxsearch.premiere.free.cep/host/bridge
2026-08-17T20:47:49Z hotkey active mods=4 vk=32
2026-08-17T20:47:49Z rescue hotkey vk=123
2026-08-17T20:47:49Z shell started, client=/Users/poshstudio/Library/Application Support/Adobe/CEP/extensions/com.fxsearch.premiere.free.cep/client/index.html
2026-08-17T21:00:34Z Premiere gone, exiting
2026-08-17T21:07:47Z bridge: file mailbox at /Users/poshstudio/Library/Application Support/Adobe/CEP/extensions/com.fxsearch.premiere.free.cep/host/bridge
2026-08-17T21:07:47Z hotkey active mods=4 vk=32
2026-08-17T21:07:47Z rescue hotkey vk=123
2026-08-17T21:07:47Z shell started, client=/Users/poshstudio/Library/Application Support/Adobe/CEP/extensions/com.fxsearch.premiere.free.cep/client/index.html
2026-08-17T21:31:50Z Premiere gone, exiting
2026-08-17T21:57:43Z bridge: file mailbox at /Users/poshstudio/Library/Application Support/Adobe/CEP/extensions/com.fxsearch.premiere.free.cep/host/bridge
2026-08-17T21:57:43Z hotkey active mods=4 vk=32
2026-08-17T21:57:43Z rescue hotkey vk=123
2026-08-17T21:57:43Z shell started, client=/Users/poshstudio/Library/Application Support/Adobe/CEP/extensions/com.fxsearch.premiere.free.cep/client/index.html
2026-08-17T22:20:13Z Premiere gone, exiting
2026-08-18T05:40:12Z bridge: file mailbox at /Users/poshstudio/Library/Application Support/Adobe/CEP/extensions/com.fxsearch.premiere.free.cep/host/bridge
2026-08-18T05:40:12Z hotkey active mods=4 vk=32
2026-08-18T05:40:12Z rescue hotkey vk=123
2026-08-18T05:40:12Z shell started, client=/Users/poshstudio/Library/Application Support/Adobe/CEP/extensions/com.fxsearch.premiere.free.cep/client/index.html
2026-08-18T06:22:31Z Premiere gone, exiting
2026-08-18T06:26:39Z bridge: file mailbox at /Users/poshstudio/Library/Application Support/Adobe/CEP/extensions/com.fxsearch.premiere.free.cep/host/bridge
2026-08-18T06:26:39Z hotkey active mods=4 vk=32
2026-08-18T06:26:39Z rescue hotkey vk=123
2026-08-18T06:26:39Z shell started, client=/Users/poshstudio/Library/Application Support/Adobe/CEP/extensions/com.fxsearch.premiere.free.cep/client/index.html
2026-08-18T07:12:43Z Premiere gone, exiting
2026-08-18T08:02:19Z bridge: file mailbox at /Users/poshstudio/Library/Application Support/Adobe/CEP/extensions/com.fxsearch.premiere.free.cep/host/bridge
2026-08-18T08:02:19Z hotkey active mods=4 vk=32
2026-08-18T08:02:19Z rescue hotkey vk=123
2026-08-18T08:02:19Z shell started, client=/Users/poshstudio/Library/Application Support/Adobe/CEP/extensions/com.fxsearch.premiere.free.cep/client/index.html
2026-08-18T08:08:17Z bridge: file mailbox at /Users/poshstudio/Library/Application Support/Adobe/CEP/extensions/com.fxsearch.premiere.free.cep/host/bridge
2026-08-18T08:08:17Z hotkey active mods=4 vk=32
2026-08-18T08:08:17Z rescue hotkey vk=123
2026-08-18T08:08:17Z shell started, client=/Users/poshstudio/Library/Application Support/Adobe/CEP/extensions/com.fxsearch.premiere.free.cep/client/index.html
2026-08-18T09:59:49Z Premiere gone, exiting
2026-08-18T10:02:34Z bridge: file mailbox at /Users/poshstudio/Library/Application Support/Adobe/CEP/extensions/com.fxsearch.premiere.free.cep/host/bridge
2026-08-18T10:02:34Z hotkey active mods=4 vk=32
2026-08-18T10:02:34Z rescue hotkey vk=123
2026-08-18T10:02:34Z shell started, client=/Users/poshstudio/Library/Application Support/Adobe/CEP/extensions/com.fxsearch.premiere.free.cep/client/index.html
2026-08-18T11:45:30Z bridge: file mailbox at /Users/poshstudio/Library/Application Support/Adobe/CEP/extensions/com.fxsearch.premiere.free.cep/host/bridge
2026-08-18T11:45:30Z hotkey active mods=4 vk=32
2026-08-18T11:45:30Z rescue hotkey vk=123
2026-08-18T11:45:30Z shell started, client=/Users/poshstudio/Library/Application Support/Adobe/CEP/extensions/com.fxsearch.premiere.free.cep/client/index.html
2026-08-18T12:03:01Z Premiere gone, exiting
2026-08-18T12:03:31Z bridge: file mailbox at /Users/poshstudio/Library/Application Support/Adobe/CEP/extensions/com.fxsearch.premiere.free.cep/host/bridge
2026-08-18T12:03:31Z hotkey active mods=4 vk=32
2026-08-18T12:03:31Z rescue hotkey vk=123
2026-08-18T12:03:31Z shell started, client=/Users/poshstudio/Library/Application Support/Adobe/CEP/extensions/com.fxsearch.premiere.free.cep/client/index.html
2026-08-18T22:53:37Z Premiere gone, exiting
2026-08-19T06:58:29Z bridge: file mailbox at /Users/poshstudio/Library/Application Support/Adobe/CEP/extensions/com.fxsearch.premiere.free.cep/host/bridge
2026-08-19T06:58:29Z hotkey active mods=4 vk=32
2026-08-19T06:58:29Z rescue hotkey vk=123
2026-08-19T06:58:29Z shell started, client=/Users/poshstudio/Library/Application Support/Adobe/CEP/extensions/com.fxsearch.premiere.free.cep/client/index.html
2026-08-19T13:48:52Z Premiere gone, exiting
2026-08-19T13:49:25Z bridge: file mailbox at /Users/poshstudio/Library/Application Support/Adobe/CEP/extensions/com.fxsearch.premiere.free.cep/host/bridge
2026-08-19T13:49:25Z hotkey active mods=4 vk=32
2026-08-19T13:49:25Z rescue hotkey vk=123
2026-08-19T13:49:25Z shell started, client=/Users/poshstudio/Library/Application Support/Adobe/CEP/extensions/com.fxsearch.premiere.free.cep/client/index.html
2026-08-19T15:45:04Z Premiere gone, exiting
2026-08-19T15:45:57Z bridge: file mailbox at /Users/poshstudio/Library/Application Support/Adobe/CEP/extensions/com.fxsearch.premiere.free.cep/host/bridge
2026-08-19T15:45:57Z hotkey active mods=4 vk=32
2026-08-19T15:45:57Z rescue hotkey vk=123
2026-08-19T15:45:57Z shell started, client=/Users/poshstudio/Library/Application Support/Adobe/CEP/extensions/com.fxsearch.premiere.free.cep/client/index.html
2026-08-19T20:44:52Z Premiere gone, exiting
2026-08-20T06:54:50Z bridge: file mailbox at /Users/poshstudio/Library/Application Support/Adobe/CEP/extensions/com.fxsearch.premiere.free.cep/host/bridge
2026-08-20T06:54:50Z hotkey active mods=4 vk=32
2026-08-20T06:54:50Z rescue hotkey vk=123
2026-08-20T06:54:50Z shell started, client=/Users/poshstudio/Library/Application Support/Adobe/CEP/extensions/com.fxsearch.premiere.free.cep/client/index.html
2026-08-20T09:24:57Z Premiere gone, exiting
2026-08-20T09:58:39Z bridge: file mailbox at /Users/poshstudio/Library/Application Support/Adobe/CEP/extensions/com.fxsearch.premiere.free.cep/host/bridge
2026-08-20T09:58:39Z hotkey active mods=4 vk=32
2026-08-20T09:58:39Z rescue hotkey vk=123
2026-08-20T09:58:39Z shell started, client=/Users/poshstudio/Library/Application Support/Adobe/CEP/extensions/com.fxsearch.premiere.free.cep/client/index.html
2026-08-20T15:25:30Z Premiere gone, exiting
2026-08-20T15:25:42Z bridge: file mailbox at /Users/poshstudio/Library/Application Support/Adobe/CEP/extensions/com.fxsearch.premiere.free.cep/host/bridge
2026-08-20T15:25:42Z hotkey active mods=4 vk=32
2026-08-20T15:25:42Z rescue hotkey vk=123
2026-08-20T15:25:42Z shell started, client=/Users/poshstudio/Library/Application Support/Adobe/CEP/extensions/com.fxsearch.premiere.free.cep/client/index.html
2026-08-20T17:04:00Z Premiere gone, exiting
2026-08-20T17:04:33Z bridge: file mailbox at /Users/poshstudio/Library/Application Support/Adobe/CEP/extensions/com.fxsearch.premiere.free.cep/host/bridge
2026-08-20T17:04:33Z hotkey active mods=4 vk=32
2026-08-20T17:04:33Z rescue hotkey vk=123
2026-08-20T17:04:33Z shell started, client=/Users/poshstudio/Library/Application Support/Adobe/CEP/extensions/com.fxsearch.premiere.free.cep/client/index.html
2026-08-20T20:23:28Z Premiere gone, exiting
2026-08-21T07:23:20Z bridge: file mailbox at /Users/poshstudio/Library/Application Support/Adobe/CEP/extensions/com.fxsearch.premiere.free.cep/host/bridge
2026-08-21T07:23:20Z hotkey active mods=4 vk=32
2026-08-21T07:23:20Z rescue hotkey vk=123
2026-08-21T07:23:20Z shell started, client=/Users/poshstudio/Library/Application Support/Adobe/CEP/extensions/com.fxsearch.premiere.free.cep/client/index.html
2026-08-21T16:47:32Z Premiere gone, exiting
2026-08-21T17:00:16Z bridge: file mailbox at /Users/poshstudio/Library/Application Support/Adobe/CEP/extensions/com.fxsearch.premiere.free.cep/host/bridge
2026-08-21T17:00:16Z hotkey active mods=4 vk=32
2026-08-21T17:00:16Z rescue hotkey vk=123
2026-08-21T17:00:16Z shell started, client=/Users/poshstudio/Library/Application Support/Adobe/CEP/extensions/com.fxsearch.premiere.free.cep/client/index.html
2026-08-21T17:05:44Z Premiere gone, exiting
2026-08-21T17:07:03Z bridge: file mailbox at /Users/poshstudio/Library/Application Support/Adobe/CEP/extensions/com.fxsearch.premiere.free.cep/host/bridge
2026-08-21T17:07:03Z hotkey active mods=4 vk=32
2026-08-21T17:07:03Z rescue hotkey vk=123
2026-08-21T17:07:03Z shell started, client=/Users/poshstudio/Library/Application Support/Adobe/CEP/extensions/com.fxsearch.premiere.free.cep/client/index.html
2026-08-21T19:28:46Z Premiere gone, exiting
2026-08-22T06:34:41Z bridge: file mailbox at /Users/poshstudio/Library/Application Support/Adobe/CEP/extensions/com.fxsearch.premiere.free.cep/host/bridge
2026-08-22T06:34:41Z hotkey active mods=4 vk=32
2026-08-22T06:34:41Z rescue hotkey vk=123
2026-08-22T06:34:41Z shell started, client=/Users/poshstudio/Library/Application Support/Adobe/CEP/extensions/com.fxsearch.premiere.free.cep/client/index.html
2026-08-22T11:30:25Z Premiere gone, exiting
2026-08-22T11:32:27Z bridge: file mailbox at /Users/poshstudio/Library/Application Support/Adobe/CEP/extensions/com.fxsearch.premiere.free.cep/host/bridge
2026-08-22T11:32:27Z hotkey active mods=4 vk=32
2026-08-22T11:32:27Z rescue hotkey vk=123
2026-08-22T11:32:27Z shell started, client=/Users/poshstudio/Library/Application Support/Adobe/CEP/extensions/com.fxsearch.premiere.free.cep/client/index.html
2026-08-22T12:43:08Z Premiere gone, exiting
2026-08-23T05:38:24Z bridge: file mailbox at /Users/poshstudio/Library/Application Support/Adobe/CEP/extensions/com.fxsearch.premiere.free.cep/host/bridge
2026-08-23T05:38:24Z hotkey active mods=4 vk=32
2026-08-23T05:38:24Z rescue hotkey vk=123
2026-08-23T05:38:24Z shell started, client=/Users/poshstudio/Library/Application Support/Adobe/CEP/extensions/com.fxsearch.premiere.free.cep/client/index.html
2026-08-23T13:27:04Z Premiere gone, exiting
2026-08-23T13:27:44Z bridge: file mailbox at /Users/poshstudio/Library/Application Support/Adobe/CEP/extensions/com.fxsearch.premiere.free.cep/host/bridge
2026-08-23T13:27:44Z hotkey active mods=4 vk=32
2026-08-23T13:27:44Z rescue hotkey vk=123
2026-08-23T13:27:44Z shell started, client=/Users/poshstudio/Library/Application Support/Adobe/CEP/extensions/com.fxsearch.premiere.free.cep/client/index.html
2026-08-23T13:28:17Z Premiere gone, exiting
2026-08-23T13:49:02Z bridge: file mailbox at /Users/poshstudio/Library/Application Support/Adobe/CEP/extensions/com.fxsearch.premiere.free.cep/host/bridge
2026-08-23T13:49:02Z hotkey active mods=4 vk=32
2026-08-23T13:49:02Z rescue hotkey vk=123
2026-08-23T13:49:02Z shell started, client=/Users/poshstudio/Library/Application Support/Adobe/CEP/extensions/com.fxsearch.premiere.free.cep/client/index.html
2026-08-24T01:09:50Z Premiere gone, exiting
2026-08-24T06:12:00Z bridge: file mailbox at /Users/poshstudio/Library/Application Support/Adobe/CEP/extensions/com.fxsearch.premiere.free.cep/host/bridge
2026-08-24T06:12:00Z hotkey active mods=4 vk=32
2026-08-24T06:12:00Z rescue hotkey vk=123
2026-08-24T06:12:00Z shell started, client=/Users/poshstudio/Library/Application Support/Adobe/CEP/extensions/com.fxsearch.premiere.free.cep/client/index.html
2026-08-24T11:21:17Z Premiere gone, exiting
2026-08-24T11:24:08Z bridge: file mailbox at /Users/poshstudio/Library/Application Support/Adobe/CEP/extensions/com.fxsearch.premiere.free.cep/host/bridge
2026-08-24T11:24:08Z hotkey active mods=4 vk=32
2026-08-24T11:24:08Z rescue hotkey vk=123
2026-08-24T11:24:08Z shell started, client=/Users/poshstudio/Library/Application Support/Adobe/CEP/extensions/com.fxsearch.premiere.free.cep/client/index.html
2026-08-24T11:32:07Z Premiere gone, exiting
2026-08-24T11:32:22Z bridge: file mailbox at /Users/poshstudio/Library/Application Support/Adobe/CEP/extensions/com.fxsearch.premiere.free.cep/host/bridge
2026-08-24T11:32:22Z hotkey active mods=4 vk=32
2026-08-24T11:32:22Z rescue hotkey vk=123
2026-08-24T11:32:22Z shell started, client=/Users/poshstudio/Library/Application Support/Adobe/CEP/extensions/com.fxsearch.premiere.free.cep/client/index.html
2026-08-24T11:37:50Z Premiere gone, exiting
2026-08-24T11:38:08Z bridge: file mailbox at /Users/poshstudio/Library/Application Support/Adobe/CEP/extensions/com.fxsearch.premiere.free.cep/host/bridge
2026-08-24T11:38:08Z hotkey active mods=4 vk=32
2026-08-24T11:38:08Z rescue hotkey vk=123
2026-08-24T11:38:08Z shell started, client=/Users/poshstudio/Library/Application Support/Adobe/CEP/extensions/com.fxsearch.premiere.free.cep/client/index.html
2026-08-24T14:42:13Z Premiere gone, exiting
2026-08-24T14:47:17Z bridge: file mailbox at /Users/poshstudio/Library/Application Support/Adobe/CEP/extensions/com.fxsearch.premiere.free.cep/host/bridge
2026-08-24T14:47:17Z hotkey active mods=4 vk=32
2026-08-24T14:47:17Z rescue hotkey vk=123
2026-08-24T14:47:17Z shell started, client=/Users/poshstudio/Library/Application Support/Adobe/CEP/extensions/com.fxsearch.premiere.free.cep/client/index.html
2026-08-24T16:08:32Z Premiere gone, exiting
2026-08-27T10:42:39Z bridge: file mailbox at /Users/poshstudio/Library/Application Support/Adobe/CEP/extensions/com.fxsearch.premiere.free.cep/host/bridge
2026-08-27T10:42:39Z hotkey active mods=4 vk=32
2026-08-27T10:42:39Z rescue hotkey vk=123
2026-08-27T10:42:39Z shell started, client=/Users/poshstudio/Library/Application Support/Adobe/CEP/extensions/com.fxsearch.premiere.free.cep/client/index.html
2026-08-27T13:47:16Z Premiere gone, exiting
2026-08-27T13:47:38Z bridge: file mailbox at /Users/poshstudio/Library/Application Support/Adobe/CEP/extensions/com.fxsearch.premiere.free.cep/host/bridge
2026-08-27T13:47:38Z hotkey active mods=4 vk=32
2026-08-27T13:47:38Z rescue hotkey vk=123
2026-08-27T13:47:38Z shell started, client=/Users/poshstudio/Library/Application Support/Adobe/CEP/extensions/com.fxsearch.premiere.free.cep/client/index.html
2026-08-27T14:05:48Z Premiere gone, exiting
2026-08-27T14:07:23Z bridge: file mailbox at /Users/poshstudio/Library/Application Support/Adobe/CEP/extensions/com.fxsearch.premiere.free.cep/host/bridge
2026-08-27T14:07:23Z hotkey active mods=4 vk=32
2026-08-27T14:07:23Z rescue hotkey vk=123
2026-08-27T14:07:23Z shell started, client=/Users/poshstudio/Library/Application Support/Adobe/CEP/extensions/com.fxsearch.premiere.free.cep/client/index.html
2026-08-27T14:13:02Z Premiere gone, exiting
2026-08-27T14:15:11Z bridge: file mailbox at /Users/poshstudio/Library/Application Support/Adobe/CEP/extensions/com.fxsearch.premiere.free.cep/host/bridge
2026-08-27T14:15:11Z hotkey active mods=4 vk=32
2026-08-27T14:15:11Z rescue hotkey vk=123
2026-08-27T14:15:11Z shell started, client=/Users/poshstudio/Library/Application Support/Adobe/CEP/extensions/com.fxsearch.premiere.free.cep/client/index.html
2026-08-27T14:18:44Z Premiere gone, exiting
2026-08-27T14:19:57Z bridge: file mailbox at /Users/poshstudio/Library/Application Support/Adobe/CEP/extensions/com.fxsearch.premiere.free.cep/host/bridge
2026-08-27T14:19:57Z hotkey active mods=4 vk=32
2026-08-27T14:19:57Z rescue hotkey vk=123
2026-08-27T14:19:57Z shell started, client=/Users/poshstudio/Library/Application Support/Adobe/CEP/extensions/com.fxsearch.premiere.free.cep/client/index.html
2026-08-27T14:25:27Z Premiere gone, exiting
2026-08-27T14:27:02Z bridge: file mailbox at /Users/poshstudio/Library/Application Support/Adobe/CEP/extensions/com.fxsearch.premiere.free.cep/host/bridge
2026-08-27T14:27:02Z hotkey active mods=4 vk=32
2026-08-27T14:27:02Z rescue hotkey vk=123
2026-08-27T14:27:02Z shell started, client=/Users/poshstudio/Library/Application Support/Adobe/CEP/extensions/com.fxsearch.premiere.free.cep/client/index.html
2026-08-27T14:32:59Z Premiere gone, exiting
2026-08-27T14:33:31Z bridge: file mailbox at /Users/poshstudio/Library/Application Support/Adobe/CEP/extensions/com.fxsearch.premiere.free.cep/host/bridge
2026-08-27T14:33:31Z hotkey active mods=4 vk=32
2026-08-27T14:33:31Z rescue hotkey vk=123
2026-08-27T14:33:31Z shell started, client=/Users/poshstudio/Library/Application Support/Adobe/CEP/extensions/com.fxsearch.premiere.free.cep/client/index.html
2026-08-27T14:47:48Z Premiere gone, exiting
2026-08-27T14:47:59Z bridge: file mailbox at /Users/poshstudio/Library/Application Support/Adobe/CEP/extensions/com.fxsearch.premiere.free.cep/host/bridge
2026-08-27T14:47:59Z hotkey active mods=4 vk=32
2026-08-27T14:47:59Z rescue hotkey vk=123
2026-08-27T14:47:59Z shell started, client=/Users/poshstudio/Library/Application Support/Adobe/CEP/extensions/com.fxsearch.premiere.free.cep/client/index.html
2026-08-27T15:00:53Z Premiere gone, exiting
2026-08-27T15:01:07Z bridge: file mailbox at /Users/poshstudio/Library/Application Support/Adobe/CEP/extensions/com.fxsearch.premiere.free.cep/host/bridge
2026-08-27T15:01:07Z hotkey active mods=4 vk=32
2026-08-27T15:01:07Z rescue hotkey vk=123
2026-08-27T15:01:07Z shell started, client=/Users/poshstudio/Library/Application Support/Adobe/CEP/extensions/com.fxsearch.premiere.free.cep/client/index.html
2026-08-27T15:12:32Z Premiere gone, exiting
2026-08-27T15:12:56Z bridge: file mailbox at /Users/poshstudio/Library/Application Support/Adobe/CEP/extensions/com.fxsearch.premiere.free.cep/host/bridge
2026-08-27T15:12:56Z hotkey active mods=4 vk=32
2026-08-27T15:12:56Z rescue hotkey vk=123
2026-08-27T15:12:56Z shell started, client=/Users/poshstudio/Library/Application Support/Adobe/CEP/extensions/com.fxsearch.premiere.free.cep/client/index.html
2026-08-27T15:20:58Z Premiere gone, exiting
2026-08-27T15:24:07Z bridge: file mailbox at /Users/poshstudio/Library/Application Support/Adobe/CEP/extensions/com.fxsearch.premiere.free.cep/host/bridge
2026-08-27T15:24:07Z hotkey active mods=4 vk=32
2026-08-27T15:24:07Z rescue hotkey vk=123
2026-08-27T15:24:07Z shell started, client=/Users/poshstudio/Library/Application Support/Adobe/CEP/extensions/com.fxsearch.premiere.free.cep/client/index.html
2026-08-27T15:57:21Z Premiere gone, exiting
2026-08-27T16:32:38Z bridge: file mailbox at /Users/poshstudio/Library/Application Support/Adobe/CEP/extensions/com.fxsearch.premiere.free.cep/host/bridge
2026-08-27T16:32:38Z hotkey active mods=4 vk=32
2026-08-27T16:32:38Z rescue hotkey vk=123
2026-08-27T16:32:38Z shell started, client=/Users/poshstudio/Library/Application Support/Adobe/CEP/extensions/com.fxsearch.premiere.free.cep/client/index.html
2026-08-27T17:56:45Z Premiere gone, exiting
2026-08-27T17:57:02Z bridge: file mailbox at /Users/poshstudio/Library/Application Support/Adobe/CEP/extensions/com.fxsearch.premiere.free.cep/host/bridge
2026-08-27T17:57:02Z hotkey active mods=4 vk=32
2026-08-27T17:57:02Z rescue hotkey vk=123
2026-08-27T17:57:02Z shell started, client=/Users/poshstudio/Library/Application Support/Adobe/CEP/extensions/com.fxsearch.premiere.free.cep/client/index.html
2026-08-28T06:43:04Z bridge: file mailbox at /Users/poshstudio/Library/Application Support/Adobe/CEP/extensions/com.fxsearch.premiere.free.cep/host/bridge
2026-08-28T06:43:04Z hotkey active mods=4 vk=32
2026-08-28T06:43:04Z rescue hotkey vk=123
2026-08-28T06:43:04Z shell started, client=/Users/poshstudio/Library/Application Support/Adobe/CEP/extensions/com.fxsearch.premiere.free.cep/client/index.html
2026-08-28T11:50:11Z Premiere gone, exiting
2026-08-28T11:50:37Z bridge: file mailbox at /Users/poshstudio/Library/Application Support/Adobe/CEP/extensions/com.fxsearch.premiere.free.cep/host/bridge
2026-08-28T11:50:37Z hotkey active mods=4 vk=32
2026-08-28T11:50:37Z rescue hotkey vk=123
2026-08-28T11:50:37Z shell started, client=/Users/poshstudio/Library/Application Support/Adobe/CEP/extensions/com.fxsearch.premiere.free.cep/client/index.html
2026-08-28T13:13:55Z Premiere gone, exiting
2026-08-28T13:14:04Z bridge: file mailbox at /Users/poshstudio/Library/Application Support/Adobe/CEP/extensions/com.fxsearch.premiere.free.cep/host/bridge
2026-08-28T13:14:04Z hotkey active mods=4 vk=32
2026-08-28T13:14:04Z rescue hotkey vk=123
2026-08-28T13:14:04Z shell started, client=/Users/poshstudio/Library/Application Support/Adobe/CEP/extensions/com.fxsearch.premiere.free.cep/client/index.html
2026-08-28T14:12:24Z Premiere gone, exiting
2026-08-31T10:11:22Z bridge: file mailbox at /Users/poshstudio/Library/Application Support/Adobe/CEP/extensions/com.fxsearch.premiere.free.cep/host/bridge
2026-08-31T10:11:22Z hotkey active mods=4 vk=32
2026-08-31T10:11:22Z rescue hotkey vk=123
2026-08-31T10:11:22Z shell started, client=/Users/poshstudio/Library/Application Support/Adobe/CEP/extensions/com.fxsearch.premiere.free.cep/client/index.html
2026-08-31T10:27:13Z Premiere gone, exiting
2026-08-31T10:28:43Z bridge: file mailbox at /Users/poshstudio/Library/Application Support/Adobe/CEP/extensions/com.fxsearch.premiere.free.cep/host/bridge
2026-08-31T10:28:43Z hotkey active mods=4 vk=32
2026-08-31T10:28:43Z rescue hotkey vk=123
2026-08-31T10:28:43Z shell started, client=/Users/poshstudio/Library/Application Support/Adobe/CEP/extensions/com.fxsearch.premiere.free.cep/client/index.html
2026-08-31T12:43:51Z Premiere gone, exiting
2026-08-31T12:44:23Z bridge: file mailbox at /Users/poshstudio/Library/Application Support/Adobe/CEP/extensions/com.fxsearch.premiere.free.cep/host/bridge
2026-08-31T12:44:23Z hotkey active mods=4 vk=32
2026-08-31T12:44:23Z rescue hotkey vk=123
2026-08-31T12:44:23Z shell started, client=/Users/poshstudio/Library/Application Support/Adobe/CEP/extensions/com.fxsearch.premiere.free.cep/client/index.html
2026-08-31T13:30:30Z Premiere gone, exiting
2026-08-31T13:31:23Z bridge: file mailbox at /Users/poshstudio/Library/Application Support/Adobe/CEP/extensions/com.fxsearch.premiere.free.cep/host/bridge
2026-08-31T13:31:23Z hotkey active mods=4 vk=32
2026-08-31T13:31:23Z rescue hotkey vk=123
2026-08-31T13:31:23Z shell started, client=/Users/poshstudio/Library/Application Support/Adobe/CEP/extensions/com.fxsearch.premiere.free.cep/client/index.html
2026-08-31T14:55:42Z Premiere gone, exiting
2026-08-31T15:42:35Z bridge: file mailbox at /Users/poshstudio/Library/Application Support/Adobe/CEP/extensions/com.fxsearch.premiere.free.cep/host/bridge
2026-08-31T15:42:35Z hotkey active mods=4 vk=32
2026-08-31T15:42:35Z rescue hotkey vk=123
2026-08-31T15:42:35Z shell started, client=/Users/poshstudio/Library/Application Support/Adobe/CEP/extensions/com.fxsearch.premiere.free.cep/client/index.html
2026-08-31T16:02:55Z Premiere gone, exiting
2026-08-31T16:22:09Z bridge: file mailbox at /Users/poshstudio/Library/Application Support/Adobe/CEP/extensions/com.fxsearch.premiere.free.cep/host/bridge
2026-08-31T16:22:09Z hotkey active mods=4 vk=32
2026-08-31T16:22:09Z rescue hotkey vk=123
2026-08-31T16:22:09Z shell started, client=/Users/poshstudio/Library/Application Support/Adobe/CEP/extensions/com.fxsearch.premiere.free.cep/client/index.html
2026-08-31T22:12:34Z Premiere gone, exiting
2026-08-31T22:55:02Z bridge: file mailbox at /Users/poshstudio/Library/Application Support/Adobe/CEP/extensions/com.fxsearch.premiere.free.cep/host/bridge
2026-08-31T22:55:02Z hotkey active mods=4 vk=32
2026-08-31T22:55:02Z rescue hotkey vk=123
2026-08-31T22:55:02Z shell started, client=/Users/poshstudio/Library/Application Support/Adobe/CEP/extensions/com.fxsearch.premiere.free.cep/client/index.html
2026-08-31T23:19:53Z Premiere gone, exiting
2026-09-01T06:34:52Z bridge: file mailbox at /Users/poshstudio/Library/Application Support/Adobe/CEP/extensions/com.fxsearch.premiere.free.cep/host/bridge
2026-09-01T06:34:52Z hotkey active mods=4 vk=32
2026-09-01T06:34:52Z rescue hotkey vk=123
2026-09-01T06:34:52Z shell started, client=/Users/poshstudio/Library/Application Support/Adobe/CEP/extensions/com.fxsearch.premiere.free.cep/client/index.html
2026-09-01T11:54:25Z Premiere gone, exiting
2026-09-01T11:54:32Z bridge: file mailbox at /Users/poshstudio/Library/Application Support/Adobe/CEP/extensions/com.fxsearch.premiere.free.cep/host/bridge
2026-09-01T11:54:32Z hotkey active mods=4 vk=32
2026-09-01T11:54:32Z rescue hotkey vk=123
2026-09-01T11:54:32Z shell started, client=/Users/poshstudio/Library/Application Support/Adobe/CEP/extensions/com.fxsearch.premiere.free.cep/client/index.html
2026-09-01T16:47:50Z Premiere gone, exiting
2026-09-01T17:56:24Z bridge: file mailbox at /Users/poshstudio/Library/Application Support/Adobe/CEP/extensions/com.fxsearch.premiere.free.cep/host/bridge
2026-09-01T17:56:24Z hotkey active mods=4 vk=32
2026-09-01T17:56:24Z rescue hotkey vk=123
2026-09-01T17:56:24Z shell started, client=/Users/poshstudio/Library/Application Support/Adobe/CEP/extensions/com.fxsearch.premiere.free.cep/client/index.html
2026-09-01T20:06:19Z Premiere gone, exiting
2026-09-01T20:39:12Z bridge: file mailbox at /Users/poshstudio/Library/Application Support/Adobe/CEP/extensions/com.fxsearch.premiere.free.cep/host/bridge
2026-09-01T20:39:12Z hotkey active mods=4 vk=32
2026-09-01T20:39:12Z rescue hotkey vk=123
2026-09-01T20:39:12Z shell started, client=/Users/poshstudio/Library/Application Support/Adobe/CEP/extensions/com.fxsearch.premiere.free.cep/client/index.html
2026-09-01T22:02:48Z Premiere gone, exiting
2026-09-02T06:22:30Z bridge: file mailbox at /Users/poshstudio/Library/Application Support/Adobe/CEP/extensions/com.fxsearch.premiere.free.cep/host/bridge
2026-09-02T06:22:30Z hotkey active mods=4 vk=32
2026-09-02T06:22:30Z rescue hotkey vk=123
2026-09-02T06:22:30Z shell started, client=/Users/poshstudio/Library/Application Support/Adobe/CEP/extensions/com.fxsearch.premiere.free.cep/client/index.html
2026-09-02T06:54:26Z Premiere gone, exiting
2026-09-02T07:05:06Z bridge: file mailbox at /Users/poshstudio/Library/Application Support/Adobe/CEP/extensions/com.fxsearch.premiere.free.cep/host/bridge
2026-09-02T07:05:06Z hotkey active mods=4 vk=32
2026-09-02T07:05:06Z rescue hotkey vk=123
2026-09-02T07:05:06Z shell started, client=/Users/poshstudio/Library/Application Support/Adobe/CEP/extensions/com.fxsearch.premiere.free.cep/client/index.html
2026-09-02T07:10:48Z Premiere gone, exiting
2026-09-02T07:23:16Z bridge: file mailbox at /Users/poshstudio/Library/Application Support/Adobe/CEP/extensions/com.fxsearch.premiere.free.cep/host/bridge
2026-09-02T07:23:16Z hotkey active mods=4 vk=32
2026-09-02T07:23:16Z rescue hotkey vk=123
2026-09-02T07:23:16Z shell started, client=/Users/poshstudio/Library/Application Support/Adobe/CEP/extensions/com.fxsearch.premiere.free.cep/client/index.html
2026-09-02T10:31:33Z Premiere gone, exiting
2026-09-02T10:49:31Z bridge: file mailbox at /Users/poshstudio/Library/Application Support/Adobe/CEP/extensions/com.fxsearch.premiere.free.cep/host/bridge
2026-09-02T10:49:31Z hotkey active mods=4 vk=32
2026-09-02T10:49:31Z rescue hotkey vk=123
2026-09-02T10:49:31Z shell started, client=/Users/poshstudio/Library/Application Support/Adobe/CEP/extensions/com.fxsearch.premiere.free.cep/client/index.html
2026-09-02T19:55:45Z Premiere gone, exiting
2026-09-02T21:10:40Z bridge: file mailbox at /Users/poshstudio/Library/Application Support/Adobe/CEP/extensions/com.fxsearch.premiere.free.cep/host/bridge
2026-09-02T21:10:40Z hotkey active mods=4 vk=32
2026-09-02T21:10:40Z rescue hotkey vk=123
2026-09-02T21:10:40Z shell started, client=/Users/poshstudio/Library/Application Support/Adobe/CEP/extensions/com.fxsearch.premiere.free.cep/client/index.html
2026-09-02T22:21:51Z Premiere gone, exiting
2026-09-02T22:21:58Z bridge: file mailbox at /Users/poshstudio/Library/Application Support/Adobe/CEP/extensions/com.fxsearch.premiere.free.cep/host/bridge
2026-09-02T22:21:58Z hotkey active mods=4 vk=32
2026-09-02T22:21:58Z rescue hotkey vk=123
2026-09-02T22:21:58Z shell started, client=/Users/poshstudio/Library/Application Support/Adobe/CEP/extensions/com.fxsearch.premiere.free.cep/client/index.html
2026-09-02T22:22:44Z Premiere gone, exiting
2026-09-02T22:22:59Z bridge: file mailbox at /Users/poshstudio/Library/Application Support/Adobe/CEP/extensions/com.fxsearch.premiere.free.cep/host/bridge
2026-09-02T22:22:59Z hotkey active mods=4 vk=32
2026-09-02T22:22:59Z rescue hotkey vk=123
2026-09-02T22:22:59Z shell started, client=/Users/poshstudio/Library/Application Support/Adobe/CEP/extensions/com.fxsearch.premiere.free.cep/client/index.html
2026-09-02T22:24:58Z Premiere gone, exiting
2026-09-02T22:25:54Z bridge: file mailbox at /Users/poshstudio/Library/Application Support/Adobe/CEP/extensions/com.fxsearch.premiere.free.cep/host/bridge
2026-09-02T22:25:54Z hotkey active mods=4 vk=32
2026-09-02T22:25:54Z rescue hotkey vk=123
2026-09-02T22:25:54Z shell started, client=/Users/poshstudio/Library/Application Support/Adobe/CEP/extensions/com.fxsearch.premiere.free.cep/client/index.html
2026-09-02T22:32:57Z Premiere gone, exiting
2026-09-02T22:36:58Z bridge: file mailbox at /Users/poshstudio/Library/Application Support/Adobe/CEP/extensions/com.fxsearch.premiere.free.cep/host/bridge
2026-09-02T22:36:58Z hotkey active mods=4 vk=32
2026-09-02T22:36:58Z rescue hotkey vk=123
2026-09-02T22:36:58Z shell started, client=/Users/poshstudio/Library/Application Support/Adobe/CEP/extensions/com.fxsearch.premiere.free.cep/client/index.html
2026-09-02T23:10:06Z Premiere gone, exiting
2026-09-02T23:10:42Z bridge: file mailbox at /Users/poshstudio/Library/Application Support/Adobe/CEP/extensions/com.fxsearch.premiere.free.cep/host/bridge
2026-09-02T23:10:42Z hotkey active mods=4 vk=32
2026-09-02T23:10:42Z rescue hotkey vk=123
2026-09-02T23:10:42Z shell started, client=/Users/poshstudio/Library/Application Support/Adobe/CEP/extensions/com.fxsearch.premiere.free.cep/client/index.html
2026-09-02T23:13:05Z Premiere gone, exiting
2026-09-02T23:13:15Z bridge: file mailbox at /Users/poshstudio/Library/Application Support/Adobe/CEP/extensions/com.fxsearch.premiere.free.cep/host/bridge
2026-09-02T23:13:15Z hotkey active mods=4 vk=32
2026-09-02T23:13:15Z rescue hotkey vk=123
2026-09-02T23:13:15Z shell started, client=/Users/poshstudio/Library/Application Support/Adobe/CEP/extensions/com.fxsearch.premiere.free.cep/client/index.html
2026-09-02T23:14:10Z Premiere gone, exiting
2026-09-02T23:26:34Z bridge: file mailbox at /Users/poshstudio/Library/Application Support/Adobe/CEP/extensions/com.fxsearch.premiere.free.cep/host/bridge
2026-09-02T23:26:34Z hotkey active mods=4 vk=32
2026-09-02T23:26:34Z rescue hotkey vk=123
2026-09-02T23:26:34Z shell started, client=/Users/poshstudio/Library/Application Support/Adobe/CEP/extensions/com.fxsearch.premiere.free.cep/client/index.html
2026-09-03T07:56:30Z bridge: file mailbox at /Users/poshstudio/Library/Application Support/Adobe/CEP/extensions/com.fxsearch.premiere.free.cep/host/bridge
2026-09-03T07:56:30Z hotkey active mods=4 vk=32
2026-09-03T07:56:30Z rescue hotkey vk=123
2026-09-03T07:56:30Z shell started, client=/Users/poshstudio/Library/Application Support/Adobe/CEP/extensions/com.fxsearch.premiere.free.cep/client/index.html
2026-09-03T08:58:50Z Premiere gone, exiting
2026-09-03T08:59:32Z bridge: file mailbox at /Users/poshstudio/Library/Application Support/Adobe/CEP/extensions/com.fxsearch.premiere.free.cep/host/bridge
2026-09-03T08:59:32Z hotkey active mods=4 vk=32
2026-09-03T08:59:32Z rescue hotkey vk=123
2026-09-03T08:59:32Z shell started, client=/Users/poshstudio/Library/Application Support/Adobe/CEP/extensions/com.fxsearch.premiere.free.cep/client/index.html
2026-09-03T09:19:42Z Premiere gone, exiting
2026-09-03T09:22:44Z bridge: file mailbox at /Users/poshstudio/Library/Application Support/Adobe/CEP/extensions/com.fxsearch.premiere.free.cep/host/bridge
2026-09-03T09:22:44Z hotkey active mods=4 vk=32
2026-09-03T09:22:44Z rescue hotkey vk=123
2026-09-03T09:22:44Z shell started, client=/Users/poshstudio/Library/Application Support/Adobe/CEP/extensions/com.fxsearch.premiere.free.cep/client/index.html
2026-09-03T12:00:55Z Premiere gone, exiting
2026-09-03T12:01:16Z bridge: file mailbox at /Users/poshstudio/Library/Application Support/Adobe/CEP/extensions/com.fxsearch.premiere.free.cep/host/bridge
2026-09-03T12:01:16Z hotkey active mods=4 vk=32
2026-09-03T12:01:16Z rescue hotkey vk=123
2026-09-03T12:01:16Z shell started, client=/Users/poshstudio/Library/Application Support/Adobe/CEP/extensions/com.fxsearch.premiere.free.cep/client/index.html
2026-09-03T12:09:02Z Premiere gone, exiting
2026-09-03T12:10:26Z bridge: file mailbox at /Users/poshstudio/Library/Application Support/Adobe/CEP/extensions/com.fxsearch.premiere.free.cep/host/bridge
2026-09-03T12:10:26Z hotkey active mods=4 vk=32
2026-09-03T12:10:26Z rescue hotkey vk=123
2026-09-03T12:10:26Z shell started, client=/Users/poshstudio/Library/Application Support/Adobe/CEP/extensions/com.fxsearch.premiere.free.cep/client/index.html
2026-09-03T12:35:17Z Premiere gone, exiting
